ACTIVE_RUNTIME/benchmark_clean_results.json
ACTIVE_RUNTIME/gateway_log.txt
ACTIVE_RUNTIME/longbench_results.json
ACTIVE_RUNTIME/monitor_memory.log
ACTIVE_RUNTIME/native_core/.DS_Store
ACTIVE_RUNTIME/native_core/diffkv_core/.DS_Store
ACTIVE_RUNTIME/native_core/diffkv_core/build_log.txt
ACTIVE_RUNTIME/phase24_6_raw_results.json
ACTIVE_RUNTIME/scratch/memory_log.json
ACTIVE_RUNTIME/scratch/random_features_paper.txt
CRITICAL_PERFORMANCE_BUG.md
HANDOFF_native_attn.md
IMPLEMENTATION_COMPLETE.md
MPS_MEMORY_FIX.md
OUTPUT_PATH_COMPARISON_2026-06-19.md
PERFORMANCE_FIX.md
PERFORMANCE_FIX_IMPLEMENTATION.md
PREFILL_PATH_COMPARISON_2026-06-19.md
QUICK_FIX_SUMMARY.md
READY_TO_TEST.md
RELATIONAL_BINDING_REPORT.md
ROUTING_CPU_BOTTLENECK_FIX.md
benchmark_final2_log.txt
benchmark_final_log.txt
benchmark_plots/compare_0.5b_accuracy.png
benchmark_plots/compare_0.5b_memory.png
benchmark_plots/compare_0.5b_prefill.png
benchmark_plots/compare_0.5b_tps.png
benchmark_plots/compare_1.5b_accuracy.png
benchmark_plots/compare_1.5b_memory.png
benchmark_plots/compare_1.5b_prefill.png
benchmark_plots/compare_1.5b_tps.png
benchmark_plots/compare_extreme_accuracy.png
benchmark_plots/compare_extreme_decode_tps.png
benchmark_plots/compare_extreme_peak_rss_mb.png
benchmark_plots/compare_extreme_prefill_s.png
benchmark_plots/compare_runtime_accuracy.png
benchmark_plots/compare_runtime_decode_tps.png
benchmark_plots/compare_runtime_peak_rss_mb.png
benchmark_plots/compare_runtime_prefill_s.png
benchmark_prod_log.txt
benchmark_prod_results.json
benchmark_results_custom.json
benchmark_results_extreme.json
benchmark_results_extreme_active.json
benchmark_results_final.json
benchmark_results_ollama.json
benchmark_v2_log.txt
benchmark_v2_results.json
benchmarks/REPORT.md
benchmarks/results/.pid_native_16384.txt
benchmarks/results/.pid_native_4096.txt
benchmarks/results/.pid_native_8192.txt
benchmarks/results/.result_native_16384.json
benchmarks/results/.result_native_4096.json
benchmarks/results/.result_native_8192.json
benchmarks/results/fig_combined.png
benchmarks/results/fig_decode_tps.png
benchmarks/results/fig_memory.png
benchmarks/results/fig_prefill.png
benchmarks/results/log_active_131072.txt
benchmarks/results/log_active_16384.txt
benchmarks/results/log_active_32768.txt
benchmarks/results/log_active_4096.txt
benchmarks/results/log_active_65536.txt
benchmarks/results/log_active_8192.txt
benchmarks/results/log_dense_16384.txt
benchmarks/results/log_dense_32768.txt
benchmarks/results/log_dense_4096.txt
benchmarks/results/log_dense_65536.txt
benchmarks/results/log_dense_8192.txt
benchmarks/results/log_native_16384.txt
benchmarks/results/log_native_32768.txt
benchmarks/results/log_native_4096.txt
benchmarks/results/log_native_8192.txt
benchmarks/results/log_ollama_131072.txt
benchmarks/results/log_ollama_16384.txt
benchmarks/results/log_ollama_32768.txt
benchmarks/results/log_ollama_4096.txt
benchmarks/results/log_ollama_65536.txt
benchmarks/results/log_ollama_8192.txt
benchmarks/results/prompt_131072.txt
benchmarks/results/prompt_16384.txt
benchmarks/results/prompt_32768.txt
benchmarks/results/prompt_4096.txt
benchmarks/results/prompt_65536.txt
benchmarks/results/prompt_8192.txt
benchmarks/results/results_20260622_064806.json
benchmarks/results/results_20260624_164316.json
benchmarks/results/results_20260625_171014.json
benchmarks/results/results_20260625_174007.json
benchmarks/results/results_latest.json
benchmarks/results/summary.md
benchmarks/results/sweep_console.log
compare_native_active_results.json
diffkv_native/.DS_Store
diffkv_native/native_core/.DS_Store
diffkv_native/native_core/diffkv_core/.DS_Store
diffkv_native/paper_run_profile.json
diffkv_native/paper_run_profile_after_fix.json
diffkv_native/run.log
diffkv_native/run_mask2.log
diffkv_native/run_mask3.log
diffkv_native/run_mask4.log
diffkv_native/run_mask5.log
diffkv_native/run_mask6.log
diffkv_native/run_mask7.log
diffkv_native/scratch_longprompt.txt
diffkv_native/scratch_prompt.txt
diffkv_native/scratch_prompt_turn2.txt
diffkv_native/scratch_prompt_turn2_single.txt
diffkv_native/server_live_profile.json
diffkv_native/server_run_profile.json
diffkv_native/stderr.log
diffkv_native/stdout.log
gateway_log.txt
graph_turn1.json
graph_turn2.json
phase24_6_raw_results.json
python_helper_ids.txt
quick_test.log
scratch/a_greedy.err
scratch/a_sample.err
scratch/alldense.err
scratch/alldense.out
scratch/alldense2.err
scratch/alldense2.out
scratch/alldense3.err
scratch/alldense3.out
scratch/attnw.err
scratch/attnw.out
scratch/b_check.out
scratch/big_default.err
scratch/big_default.out
scratch/cmp_off.out
scratch/cmp_on.out
scratch/cpp_debug.txt
scratch/cpubackend.err
scratch/cpubackend.out
scratch/curl_output.txt
scratch/customop.err
scratch/customop.out
scratch/dbg.err
scratch/dbg.out
scratch/dbg2.err
scratch/dbg2.out
scratch/dbg3.err
scratch/dbg3.out
scratch/dbg4.err
scratch/dbg4.out
scratch/dbg5.err
scratch/dbg5.out
scratch/dbg6.err
scratch/dbg6.out
scratch/debug_prompt.txt
scratch/dense_test.err
scratch/dense_test.out
scratch/diff.txt
scratch/direct.err
scratch/direct.out
scratch/final_b.out
scratch/final_check.out
scratch/final_mid.err
scratch/final_mid.out
scratch/final_nat.err
scratch/final_nat.out
scratch/final_nat2.err
scratch/final_nat2.out
scratch/final_nofact.err
scratch/final_nofact.out
scratch/fixed_big.out
scratch/fixed_nat.err
scratch/fixed_nat.out
scratch/fixed_short.out
scratch/full_paper_prompt.txt
scratch/gguf_1.5b_output.txt
scratch/graph_bug_analysis.txt
scratch/in.err
scratch/in.out
scratch/iso_denseoff.err
scratch/iso_denseoff.out
scratch/iso_sparseoff.err
scratch/iso_sparseoff.out
scratch/long_prompt.txt
scratch/longgen.out
scratch/lse.err
scratch/lse.out
scratch/mbs_check.err
scratch/mbs_check.out
scratch/memory_profile_interactive.json
scratch/memory_profile_mlx.json
scratch/memory_profile_run.json
scratch/memory_profile_run_long.json
scratch/mid_cpu.err
scratch/mid_cpu.out
scratch/mid_dense.err
scratch/mid_dense.out
scratch/mid_routed.err
scratch/mid_routed.out
scratch/mid_sparse.err
scratch/mid_sparse.out
scratch/mlx_natural.log
scratch/mlx_pf.log
scratch/mlx_recheck.log
scratch/nat_hist.err
scratch/new_qwen_output.txt
scratch/nocont.out
scratch/nofact.err
scratch/nofact.out
scratch/noslide.out
scratch/perf_after.err
scratch/perf_after.out
scratch/perf_final.err
scratch/perf_final.out
scratch/perf_greedy.err
scratch/perf_mid.err
scratch/perf_mid.out
scratch/perf_sample.err
scratch/pos.err
scratch/pos.out
scratch/probe_default.err
scratch/probe_default.out
scratch/probe_default.rss
scratch/probe_nat.err
scratch/probe_nat.out
scratch/probe_nat.rss
scratch/probe_summary.txt
scratch/puredense.err
scratch/puredense.out
scratch/python_debug.txt
scratch/rc_check.out
scratch/recheck.err
scratch/recheck.out
scratch/reg.err
scratch/reg.out
scratch/request.json
scratch/run_direct_output.txt
scratch/run_direct_output_after.txt
scratch/slide_test.out
scratch/smoke.out
scratch/stderr_base.log
scratch/stderr_reuse.log
scratch/sync.err
scratch/sync.out
scratch/test_bigprompt.txt
scratch/test_long_gen.txt
scratch/test_mid.txt
scratch/test_natural.txt
scratch/test_pp24k.txt
scratch/timel.log
scratch/verify_nat.err
scratch/verify_nat.out
scratch/warmup_qwen_output.txt
scratch/wiki_prompt.txt
test_native_off.log
test_native_on.log
test_write.txt
vocab_dump.txt
