__READY__
__RESPONSE__
### Summary: The Text

#### Characters

1. **Elizabeth (Eliza)**) Benn  -**  
   - **Age:** - 26  
   - **Occupre** - A young woman from the Benn family, she is described as "accomplished" and "well-bred." She has a keenly developed sense of propriety, which often leads her to make decisions that are not always in her best interest.  
   - **Eliza** - Her first name, Elizabeth, was given by her father, Mr. Benn, who named her after his wife, Eliza.  
   - **Elizabeth** - She is the daughter of Mrs. Benn, a widow, and Mr. Benn, an innkeeper.  
   - **Benn** - The family she belongs to, which includes other members such as Jane, John, Mary, George, and Elizabeth.  
   - **Eliza** - Her first name, Eliza, was given by her father, Mr. Benn, who named her after his wife, Eliza.  
   - **Elizabeth** - She is the daughter of Mrs. Benn, a widow, and Mr. Benn, an innkeeper.  
   - **Benn** - The family she belongs to, which includes other members such as Jane, John, Mary, George, and Elizabeth.  
2. **Jane, John, Mary, George, Eliza, Liz, -**  
   - **Eliz** - Her first name, Eliza, was given by her father, Mr. Benn, who named her after his wife, Eliza.  
   - **Benn** - The family she belongs to, which includes other members such as Jane, John, Mary, George, and Eliza.  
   - **Eliz** - Her first name, Eliza, was given by her father, Mr. Benn, who named her after his wife, Eliza.  
   - **Benn** - The family she belongs to, which includes other members such as Jane, John, Mary, George, and Eliza.  
   - **Eliz** - Her first name, Eliza, was given by her father, Mr. Benn, who named her after his wife, Eliza.  
   - **Benn** - The family she belongs to, which includes other members such as Jane, John, Mary, George, and Eliza.  
   - **
__FINISH__
__CACHED__:4886
__READY__
