__READY__
__RESPONSE__
### Summary: The Text AboveCovers

**Charactersogency:**
- **Mr. Bennet** (Bennett)
- **Mrs. Bennet** (Elizabeth)
- **Jane** (Jenner)
- **Eliza** (Eli)
- **Lydia** (Lyd)
- **Charlotte** (Ming)
- **Darcy** (Deer)
- **Bingley** (Bingle)
- **Wickham** (Wick)
- **George** (Ge)
- **Anne** (An)
- **Lady Anne Darcy** (Lady A)
- **Lady Elizabeth Darcy** (Lady E)
- **Charlotte** (Ming)
- **Charlotte** (Ming)
- **Colonel Fitz** (Fitz)
- **Sir Lewis de Bourgh** (Sir L)
- **Lady Georgiana Darcy** (Lady G)
- **Anne** (An)
- **Charlotte** (Ming)
- **Charlotte** (Ming)
- **Lord Edward Gardiner** (Ed)
- **Mrs. Ed** (E)
- **Aunt Elizabeth** (El)
- **Colonel Fitz** (Fitz)
- **Sir Lewis de Bourgh** (Sir L)
- **Lady Anne Darcy** (Lady A)
- **Charlotte** (Ming)
- **Darcy** (Deer)
- **Bingley** (Bingle)
- **Wickham** (Wick)
- **George** (Ge)
- **Anne** (An)
- **Charlotte** (Ming)
- **Lord Edward Gardiner** (Ed)
- **Mrs. Ed** (E)
- **Aunt Elizabeth** (El)
- **Colonel Fitz** (Fitz)
- **Sir Lewis de Bourgh** (Sir L)
- **Lady Anne Darcy** (Lady A)
- **Charlotte** (Ming)
- **Darcy** (Deer)
- **Bingley** (Bingle)
- **Wickham** (Wick)
- **George** (Ge)
- **Anne** (An)
- **Lord Edward Gardiner** (Ed)
- **Mrs. Ed** (E)
- **Aunt Elizabeth** (El)
- **Colonel Fitz** (Fitz)
- **Sir Lewis de Bourgh** (Sir L)
- **Lady Anne Darcy** (Lady
__FINISH__
__CACHED__:4886
__READY__
